Scenario,RelativeYear,CalendarYear,AgePersonA,AgePersonB,SalaryPersonA,SalaryPersonB,PensionPersonA,PensionPersonB,SurvivorPensionPersonA,SurvivorPensionPersonB,TSPWithdrawalPersonA,TSPWithdrawalPersonB,SSBenefitPersonA,SSBenefitPersonB,FERSSupplementPersonA,FERSSupplementPersonB,TotalGrossIncome,FederalGrossIncome,FederalAGI,FederalStandardDeduction,FederalTax,TaxBracketSummary,TopMarginalRate,RoomInTopBracket,StateTax,LocalTax,FICATax,FEHBPremium,MedicarePremium,MedicarePremiumPersonA,MedicarePremiumPersonB,TSPContributions,NetIncome,TSPBalancePersonA,TSPBalancePersonB,TSPBalanceTraditional,TSPBalanceRoth,WorkFractionPersonA,WorkFractionPersonB,IsRetired,IsMedicareEligible,IsRMDYear,RMDAmount,PersonADeceased,PersonBDeceased,FilingStatusSingle
